// Jest Snapshot v1, https://goo.gl/fbAQLP

exports[`createHead should generate the head for the html response 1`] = `"<head><meta charset=\\"utf-8\\"><title>App</title><meta name=\\"viewport\\" content=\\"width=device-width, initial-scale=1, shrink-to-fit=no\\"><link rel=\\"manifest\\" href=\\"/static/manifest.json?v1.0\\"><link rel=\\"shortcut icon\\" href=\\"/static/favicon.ico?v1.0\\"><link rel=\\"preload\\" href=\\"static/css/main.1c0d3fed.css\\" as=\\"style\\"><link rel=\\"preload\\" href=\\"static/js/main.85d0f27c.js\\" as=\\"script\\"><link rel=\\"preload\\" href=\\"static/js/vendor.7f3d1409.js\\" as=\\"script\\"><link rel=\\"prefetch\\" href=\\"/static/js/Foo.d32c4417.chunk.js\\" as=\\"script\\"><link rel=\\"stylesheet\\" href=\\"static/css/main.1c0d3fed.css\\"><script>var runtime = true;</script></head>"`;
