// Jest Snapshot v1, https://goo.gl/fbAQLP

exports[`App should render 1`] = `"<div><span>Hello world</span></div>"`;
